../Drivers/CMSIS/Include/core_cm4.h:2064:26:ITM_SendChar	16	static,ignoring_inline_asm
../Core/Src/main.c:68:7:analogToTemperature	16	static
../Core/Src/main.c:79:7:analogToVoltage	16	static
../Core/Src/main.c:90:5:main	56	static
../Core/Src/main.c:146:6:SystemClock_Config	88	static
../Core/Src/main.c:197:13:MX_ADC1_Init	24	static
../Core/Src/main.c:262:13:MX_USART2_UART_Init	8	static
../Core/Src/main.c:291:13:MX_DMA_Init	16	static
../Core/Src/main.c:308:13:MX_GPIO_Init	48	static
../Core/Src/main.c:342:5:__io_putchar	16	static
../Core/Src/main.c:347:6:HAL_ADC_ConvCpltCallback	16	static
../Core/Src/main.c:357:6:Error_Handler	4	static,ignoring_inline_asm
