../Drivers/CMSIS/Include/core_cm4.h:2064:26:ITM_SendChar	4
../Core/Src/main.c:68:7:analogToTemperature	1
../Core/Src/main.c:79:7:analogToVoltage	1
../Core/Src/main.c:90:5:main	1
../Core/Src/main.c:146:6:SystemClock_Config	4
../Core/Src/main.c:197:13:MX_ADC1_Init	5
../Core/Src/main.c:262:13:MX_USART2_UART_Init	2
../Core/Src/main.c:291:13:MX_DMA_Init	1
../Core/Src/main.c:308:13:MX_GPIO_Init	1
../Core/Src/main.c:342:5:__io_putchar	1
../Core/Src/main.c:347:6:HAL_ADC_ConvCpltCallback	1
../Core/Src/main.c:357:6:Error_Handler	1
